exports[`<Search /> snapshots full 1`] = `
<div
  className={undefined}>
  <input
    className={undefined}
    onKeyUp={[Function]}
    placeholder="Type something..."
    type="search" />
</div>
`;
